~STEPS~

1) Open Eclipse

2) File (top left) > new > Java Project
	WordCount > {next} > {libraries} > {add External JARs} > File System > usr > lib > Hadoop > {select all yellow files} > {ok}
					 > {add External JARs} > client > {select all} > {ok} > {Finish}

3) WordCount > src > {Right Click} > new > Class > {Name: WordCount} > Finish

4) Web browser > search {Apache Hadoop MapReduce} > Copy {Source Code} > Paste {WordCount.java} > Errors {Rename class and class call if other file name} > Save {Ctrl S}

5) WordCount > {Right Click} > Export > Java > JAR File > Select Destination {Browse}
	     > Name: WordCount > Save in Folder: Cloudera > Finish

6) Check in Cloudera folder for exported file

7) Open Terminal

~/STEPS~


[cloudera@quickstart ~]$ ls
cloudera-manager  eclipse                     Music      WordCount.jar
cm_api.py         enterprise-deployment.json  Pictures   workspace
Desktop           express-deployment.json     Public
Documents         kerberos                    Templates
Downloads         lib                         Videos

[cloudera@quickstart ~]$ pwd
/home/cloudera

[cloudera@quickstart ~]$ cat > ProcessFile1.txt
shail pancholi
shail pancholi
shail pancholi
cloudera
cloudera
cloudera
hadoop
shail pancholi
cloudera
hadoop
hadoop
^Z
[1]+  Stopped                 cat > ProcessFile1.txt

[cloudera@quickstart ~]$ ls
cloudera-manager  eclipse                     Music             Videos
cm_api.py         enterprise-deployment.json  Pictures          WordCount.jar
Desktop           express-deployment.json     ProcessFile1.txt  workspace
Documents         kerberos                    Public
Downloads         lib                         Templates

[cloudera@quickstart ~]$ cat ProcessFile1.txt
shail pancholi
shail pancholi
shail pancholi
cloudera
cloudera
cloudera
hadoop
shail pancholi
cloudera
hadoop
Hadoop

[cloudera@quickstart ~]$ hdfs dfs -ls
[cloudera@quickstart ~]$ hdfs dfs -ls /
Found 5 items
drwxr-xr-x   - hbase supergroup          0 2024-05-08 03:46 /hbase
drwxr-xr-x   - solr  solr                0 2015-06-09 03:38 /solr
drwxrwxrwx   - hdfs  supergroup          0 2015-06-09 03:36 /tmp
drwxr-xr-x   - hdfs  supergroup          0 2015-06-09 03:38 /user
drwxr-xr-x   - hdfs  supergroup          0 2015-06-09 03:36 /var

[cloudera@quickstart ~]$ hdfs dfs -mkdir /inputfolder1
mkdir: Cannot create directory /inputfolder1. Name node is in safe mode.


[cloudera@quickstart ~]$ hadoop dfsadmin -safemode leave
DEPRECATED: Use of this script to execute hdfs command is deprecated.
Instead use the hdfs command for it.

Safe mode is OFF
[cloudera@quickstart ~]$ sudo -u hdfs hdfs dfsadmin -safemode leave
Safe mode is OFF


[cloudera@quickstart ~]$ hdfs dfs -mkdir /inputfolder1
[cloudera@quickstart ~]$ hdfs dfs -put /home/cloudera/ProcessFile1.txt /inputfolder1
[cloudera@quickstart ~]$ hdfs dfs -cat /inputfolder1/ProcessFile1.txt
shail pancholi
shail pancholi
shail pancholi
cloudera
cloudera
cloudera
hadoop
shail pancholi
cloudera
hadoop
Hadoop

[cloudera@quickstart ~]$ hadoop jar /home/cloudera/WordCount.jar WordCount /inputfolder1/ProcessFile1.txt /out1
24/05/08 04:43:21 INFO client.RMProxy: Connecting to ResourceManager at /0.0.0.0:8032
24/05/08 04:43:23 WARN mapreduce.JobSubmitter: Hadoop command-line option parsing not performed. Implement the Tool interface and execute your application with ToolRunner to remedy this.
24/05/08 04:43:24 INFO input.FileInputFormat: Total input paths to process : 1
24/05/08 04:43:24 INFO mapreduce.JobSubmitter: number of splits:1
24/05/08 04:43:25 INFO mapreduce.JobSubmitter: Submitting tokens for job: job_1715165345645_0001
24/05/08 04:43:26 INFO impl.YarnClientImpl: Submitted application application_1715165345645_0001
24/05/08 04:43:27 INFO mapreduce.Job: The url to track the job: http://quickstart.cloudera:8088/proxy/application_1715165345645_0001/
24/05/08 04:43:27 INFO mapreduce.Job: Running job: job_1715165345645_0001
24/05/08 04:43:50 INFO mapreduce.Job: Job job_1715165345645_0001 running in uber mode : false
24/05/08 04:43:50 INFO mapreduce.Job:  map 0% reduce 0%
24/05/08 04:44:03 INFO mapreduce.Job:  map 100% reduce 0%
24/05/08 04:44:18 INFO mapreduce.Job:  map 100% reduce 100%
24/05/08 04:44:19 INFO mapreduce.Job: Job job_1715165345645_0001 completed successfully
24/05/08 04:44:19 INFO mapreduce.Job: Counters: 49
	File System Counters
		FILE: Number of bytes read=61
		FILE: Number of bytes written=220733
		FILE: Number of read operations=0
		FILE: Number of large read operations=0
		FILE: Number of write operations=0
		HDFS: Number of bytes read=243
		HDFS: Number of bytes written=39
		HDFS: Number of read operations=6
		HDFS: Number of large read operations=0
		HDFS: Number of write operations=2
	Job Counters 
		Launched map tasks=1
		Launched reduce tasks=1
		Data-local map tasks=1
		Total time spent by all maps in occupied slots (ms)=10696
		Total time spent by all reduces in occupied slots (ms)=12164
		Total time spent by all map tasks (ms)=10696
		Total time spent by all reduce tasks (ms)=12164
		Total vcore-seconds taken by all map tasks=10696
		Total vcore-seconds taken by all reduce tasks=12164
		Total megabyte-seconds taken by all map tasks=10952704
		Total megabyte-seconds taken by all reduce tasks=12455936
	Map-Reduce Framework
		Map input records=11
		Map output records=15
		Map output bytes=177
		Map output materialized bytes=61
		Input split bytes=126
		Combine input records=15
		Combine output records=4
		Reduce input groups=4
		Reduce shuffle bytes=61
		Reduce input records=4
		Reduce output records=4
		Spilled Records=8
		Shuffled Maps =1
		Failed Shuffles=0
		Merged Map outputs=1
		GC time elapsed (ms)=147
		CPU time spent (ms)=2120
		Physical memory (bytes) snapshot=363880448
		Virtual memory (bytes) snapshot=3006992384
		Total committed heap usage (bytes)=226365440
	Shuffle Errors
		BAD_ID=0
		CONNECTION=0
		IO_ERROR=0
		WRONG_LENGTH=0
		WRONG_MAP=0
		WRONG_REDUCE=0
	File Input Format Counters 
		Bytes Read=117
	File Output Format Counters 
		Bytes Written=39

[cloudera@quickstart ~]$ hdfs dfs -ls /out1
Found 2 items
-rw-r--r--   1 cloudera supergroup          0 2024-05-08 04:44 /out1/_SUCCESS
-rw-r--r--   1 cloudera supergroup         39 2024-05-08 04:44 /out1/part-r-00000

[cloudera@quickstart ~]$ hdfs dfs -cat /out1/part-r-00000
cloudera	4
hadoop	3
pancholi	4
shail	4

[cloudera@quickstart ~]$ 
